Microsoft Windows [Version 10.0.22621.1265]
(c) Microsoft Corporation. All rights reserved.

C:\Users\prasa\OneDrive\Desktop\git>git status
On branch copy1
Untracked files:
  (use "git add <file>..." to include in what will be committed)
        table3.txt

nothing added to commit but untracked files present (use "git add" to track)

C:\Users\prasa\OneDrive\Desktop\git>git checkout -b "copy"
Switched to a new branch 'copy'

C:\Users\prasa\OneDrive\Desktop\git>git status
On branch copy
Untracked files:
  (use "git add <file>..." to include in what will be committed)
        table3.txt

nothing added to commit but untracked files present (use "git add" to track)
C:\Users\prasa\OneDrive\Desktop\git>git branch
* copy
  copy1
  master

C:\Users\prasa\OneDrive\Desktop\git>git add table3.txt

C:\Users\prasa\OneDrive\Desktop\git>git status
On branch copy
Changes to be committed:
  (use "git restore --staged <file>..." to unstage)
        new file:   table3.txt


C:\Users\prasa\OneDrive\Desktop\git>git commit im "commititng table3 to copy"
error: pathspec 'im' did not match any file(s) known to git
error: pathspec 'commititng table3 to copy' did not match any file(s) known to git

C:\Users\prasa\OneDrive\Desktop\git>git commit -m "commititng table3 to copy"
[copy 354fad4] commititng table3 to copy
 1 file changed, 0 insertions(+), 0 deletions(-)
 create mode 100644 table3.txt

C:\Users\prasa\OneDrive\Desktop\git>git push
fatal: The current branch copy has no upstream branch.
To push the current branch and set the remote as upstream, use

    git push --set-upstream origin copy

To have this happen automatically for branches without a tracking
upstream, see 'push.autoSetupRemote' in 'git help config'.


C:\Users\prasa\OneDrive\Desktop\git> git push --set-upstream origin copy
Enumerating objects: 4, done.
Counting objects: 100% (4/4), done.
Delta compression using up to 4 threads
Compressing objects: 100% (2/2), done.
Writing objects: 100% (3/3), 314 bytes | 157.00 KiB/s, done.
Total 3 (delta 0), reused 0 (delta 0), pack-reused 0
remote:
remote: Create a pull request for 'copy' on GitHub by visiting:
remote:      https://github.com/prasadnaidu187/git/pull/new/copy
remote:
To https://github.com/prasadnaidu187/git.git
 * [new branch]      copy -> copy
branch 'copy' set up to track 'origin/copy'.

C:\Users\prasa\OneDrive\Desktop\git>
